// Jest Snapshot v1, https://goo.gl/fbAQLP

exports[`renders <CategoryListView /> component correctly 1`] = `
<View
  accessible={true}
  isTVSelectable={true}
  onResponderGrant={[Function]}
  onResponderMove={[Function]}
  onResponderRelease={[Function]}
  onResponderTerminate={[Function]}
  onResponderTerminationRequest={[Function]}
  onStartShouldSetResponder={[Function]}
  style={
    Object {
      "opacity": 1,
    }
  }
>
  <View>
    <Image
      source={
        Object {
          "uri": "http://test.com",
        }
      }
    />
    <View>
      <Text
        accessible={true}
        allowFontScaling={true}
        ellipsizeMode="tail"
        numberOfLines={2}
      />
    </View>
  </View>
</View>
`;
