// Jest Snapshot v1, https://goo.gl/fbAQLP

exports[`renders <DiscussionList /> component correctly 1`] = `
<View
  style={undefined}
>
  <RCTScrollView
    ListEmptyComponent={[Function]}
    ListFooterComponent={[Function]}
    data={
      Array [
        Object {},
      ]
    }
    disableVirtualization={false}
    getItem={[Function]}
    getItemCount={[Function]}
    horizontal={false}
    initialNumToRender={10}
    invertStickyHeaders={undefined}
    keyExtractor={[Function]}
    maxToRenderPerBatch={10}
    numColumns={1}
    onContentSizeChange={[Function]}
    onEndReached={[Function]}
    onEndReachedThreshold={2}
    onLayout={[Function]}
    onMomentumScrollEnd={[Function]}
    onScroll={[Function]}
    onScrollBeginDrag={[Function]}
    onScrollEndDrag={[Function]}
    renderItem={[Function]}
    scrollEventThrottle={50}
    stickyHeaderIndices={Array []}
    updateCellsBatchingPeriod={50}
    viewabilityConfigCallbackPairs={Array []}
    windowSize={21}
  >
    <View>
      <View
        onLayout={[Function]}
        style={null}
      >
        <View
          style={
            Array [
              undefined,
              undefined,
            ]
          }
        >
          <View
            style={undefined}
          >
            <Text
              accessible={true}
              allowFontScaling={true}
              ellipsizeMode="tail"
              style={undefined}
            />
          </View>
        </View>
      </View>
      <View
        onLayout={[Function]}
        style={null}
      />
    </View>
  </RCTScrollView>
</View>
`;
