// Jest Snapshot v1, https://goo.gl/fbAQLP

exports[`renders <EmptyList /> component correctly 1`] = `
<View
  style={undefined}
>
  <Text
    accessible={true}
    allowFontScaling={true}
    ellipsizeMode="tail"
    style={undefined}
  >
    List is empty.
  </Text>
</View>
`;
