// Jest Snapshot v1, https://goo.gl/fbAQLP

exports[`renders <FormBlock /> component correctly 1`] = `
<View
  style={
    Array [
      undefined,
      undefined,
    ]
  }
>
  <Text
    accessible={true}
    allowFontScaling={true}
    ellipsizeMode="tail"
    style={undefined}
  >
    TEST
  </Text>
  <View>
    Test
  </View>
</View>
`;
